
==========================================================================
global route report_tns
--------------------------------------------------------------------------
tns max 0.00

==========================================================================
global route report_wns
--------------------------------------------------------------------------
wns max 0.00

==========================================================================
global route report_worst_slack
--------------------------------------------------------------------------
worst slack max 5.10

==========================================================================
global route report_clock_min_period
--------------------------------------------------------------------------
clk period_min = 4.90 fmax = 204.14

==========================================================================
global route report_clock_skew
--------------------------------------------------------------------------
Clock clk
No launch/capture paths found.


==========================================================================
global route report_checks -path_delay min
--------------------------------------------------------------------------
Startpoint: A[4] (input port clocked by clk)
Endpoint: Y[4] (output port clocked by clk)
Path Group: clk
Path Type: min

Fanout     Cap    Slew   Delay    Time   Description
-----------------------------------------------------------------------------
                  0.00    0.00    0.00   clock clk (rise edge)
                          0.00    0.00   clock network delay (ideal)
                          2.00    2.00 ^ input external delay
     1   37.07    0.00    0.00    2.00 ^ A[4] (in)
                                         A[4] (net)
                  0.01    0.01    2.01 ^ input45/A (BUF_X1)
     5   13.06    0.03    0.05    2.06 ^ input45/Z (BUF_X1)
                                         net45 (net)
                  0.03    0.00    2.06 ^ _6451_/B1 (OAI21_X1)
     1    3.70    0.01    0.02    2.08 v _6451_/ZN (OAI21_X1)
                                         _2885_ (net)
                  0.01    0.00    2.08 v _6452_/A2 (NOR2_X2)
     1    4.07    0.02    0.03    2.11 ^ _6452_/ZN (NOR2_X2)
                                         _2886_ (net)
                  0.02    0.00    2.11 ^ _6460_/A1 (NAND3_X2)
     2    7.30    0.02    0.03    2.14 v _6460_/ZN (NAND3_X2)
                                         net176 (net)
                  0.02    0.00    2.14 v output176/A (BUF_X1)
     1   35.24    0.04    0.07    2.21 v output176/Z (BUF_X1)
                                         Y[4] (net)
                  0.04    0.01    2.22 v Y[4] (out)
                                  2.22   data arrival time

                  0.00    0.00    0.00   clock clk (rise edge)
                          0.00    0.00   clock network delay (ideal)
                          0.00    0.00   clock reconvergence pessimism
                         -2.00   -2.00   output external delay
                                 -2.00   data required time
-----------------------------------------------------------------------------
                                 -2.00   data required time
                                 -2.22   data arrival time
-----------------------------------------------------------------------------
                                  4.22   slack (MET)



==========================================================================
global route report_checks -path_delay max
--------------------------------------------------------------------------
Startpoint: B[5] (input port clocked by clk)
Endpoint: zero (output port clocked by clk)
Path Group: clk
Path Type: max

Fanout     Cap    Slew   Delay    Time   Description
-----------------------------------------------------------------------------
                  0.00    0.00    0.00   clock clk (rise edge)
                          0.00    0.00   clock network delay (ideal)
                          2.00    2.00 v input external delay
     1   31.98    0.00    0.00    2.00 v B[5] (in)
                                         B[5] (net)
                  0.01    0.00    2.00 v input120/A (BUF_X1)
     2   10.60    0.01    0.04    2.04 v input120/Z (BUF_X1)
                                         net120 (net)
                  0.01    0.00    2.04 v _3536_/A (INV_X1)
     2    9.20    0.02    0.03    2.08 ^ _3536_/ZN (INV_X1)
                                         _0244_ (net)
                  0.02    0.00    2.08 ^ _6734_/B (HA_X1)
     3   15.37    0.08    0.12    2.20 ^ _6734_/S (HA_X1)
                                         _0246_ (net)
                  0.08    0.00    2.20 ^ place315/A (BUF_X1)
     9   40.67    0.09    0.13    2.32 ^ place315/Z (BUF_X1)
                                         net315 (net)
                  0.09    0.00    2.32 ^ _4528_/A1 (NAND2_X4)
     3   11.95    0.02    0.03    2.35 v _4528_/ZN (NAND2_X4)
                                         _1034_ (net)
                  0.02    0.00    2.35 v _4529_/A (INV_X4)
     2    8.80    0.01    0.02    2.37 ^ _4529_/ZN (INV_X4)
                                         _1035_ (net)
                  0.01    0.00    2.37 ^ _4569_/A2 (NAND2_X1)
     2    9.88    0.02    0.03    2.40 v _4569_/ZN (NAND2_X1)
                                         _1074_ (net)
                  0.02    0.00    2.40 v _4571_/A2 (NAND3_X2)
     3   12.66    0.02    0.04    2.44 ^ _4571_/ZN (NAND3_X2)
                                         _1076_ (net)
                  0.02    0.00    2.44 ^ _6422_/A (XNOR2_X1)
     1    2.14    0.02    0.04    2.48 ^ _6422_/ZN (XNOR2_X1)
                                         _2858_ (net)
                  0.02    0.00    2.48 ^ _6423_/A1 (NAND2_X1)
     1    2.31    0.02    0.02    2.50 v _6423_/ZN (NAND2_X1)
                                         _2859_ (net)
                  0.02    0.00    2.50 v _6424_/A2 (NAND2_X1)
     2    4.08    0.01    0.03    2.53 ^ _6424_/ZN (NAND2_X1)
                                         _2860_ (net)
                  0.01    0.00    2.53 ^ _6550_/A2 (NAND2_X1)
     1    3.14    0.01    0.02    2.54 v _6550_/ZN (NAND2_X1)
                                         _2976_ (net)
                  0.01    0.00    2.54 v _6555_/A1 (NOR2_X2)
     1    3.56    0.02    0.02    2.57 ^ _6555_/ZN (NOR2_X2)
                                         _2981_ (net)
                  0.02    0.00    2.57 ^ _6556_/A2 (NAND2_X1)
     1    2.83    0.01    0.02    2.59 v _6556_/ZN (NAND2_X1)
                                         _2982_ (net)
                  0.01    0.00    2.59 v _6558_/A1 (NOR2_X2)
     1    4.38    0.02    0.03    2.61 ^ _6558_/ZN (NOR2_X2)
                                         _2984_ (net)
                  0.02    0.00    2.61 ^ _6561_/A2 (NAND3_X1)
     1    5.03    0.02    0.03    2.65 v _6561_/ZN (NAND3_X1)
                                         _2987_ (net)
                  0.02    0.00    2.65 v _6563_/A1 (NOR2_X2)
     1    6.26    0.02    0.03    2.68 ^ _6563_/ZN (NOR2_X2)
                                         _2989_ (net)
                  0.02    0.00    2.68 ^ _6572_/A1 (NAND3_X1)
     1    3.53    0.02    0.03    2.71 v _6572_/ZN (NAND3_X1)
                                         _2998_ (net)
                  0.02    0.00    2.71 v _6585_/A1 (NOR2_X2)
     1   12.09    0.03    0.05    2.76 ^ _6585_/ZN (NOR2_X2)
                                         _3011_ (net)
                  0.03    0.00    2.76 ^ _6609_/A1 (NAND3_X2)
     1    3.46    0.02    0.03    2.78 v _6609_/ZN (NAND3_X2)
                                         _3035_ (net)
                  0.02    0.00    2.78 v _6613_/A1 (NOR2_X2)
     1    9.94    0.03    0.04    2.83 ^ _6613_/ZN (NOR2_X2)
                                         net197 (net)
                  0.03    0.00    2.83 ^ output197/A (BUF_X1)
     1   17.84    0.04    0.06    2.89 ^ output197/Z (BUF_X1)
                                         zero (net)
                  0.04    0.01    2.90 ^ zero (out)
                                  2.90   data arrival time

                  0.00   10.00   10.00   clock clk (rise edge)
                          0.00   10.00   clock network delay (ideal)
                          0.00   10.00   clock reconvergence pessimism
                         -2.00    8.00   output external delay
                                  8.00   data required time
-----------------------------------------------------------------------------
                                  8.00   data required time
                                 -2.90   data arrival time
-----------------------------------------------------------------------------
                                  5.10   slack (MET)



==========================================================================
global route report_checks -unconstrained
--------------------------------------------------------------------------
Startpoint: B[5] (input port clocked by clk)
Endpoint: zero (output port clocked by clk)
Path Group: clk
Path Type: max

Fanout     Cap    Slew   Delay    Time   Description
-----------------------------------------------------------------------------
                  0.00    0.00    0.00   clock clk (rise edge)
                          0.00    0.00   clock network delay (ideal)
                          2.00    2.00 v input external delay
     1   31.98    0.00    0.00    2.00 v B[5] (in)
                                         B[5] (net)
                  0.01    0.00    2.00 v input120/A (BUF_X1)
     2   10.60    0.01    0.04    2.04 v input120/Z (BUF_X1)
                                         net120 (net)
                  0.01    0.00    2.04 v _3536_/A (INV_X1)
     2    9.20    0.02    0.03    2.08 ^ _3536_/ZN (INV_X1)
                                         _0244_ (net)
                  0.02    0.00    2.08 ^ _6734_/B (HA_X1)
     3   15.37    0.08    0.12    2.20 ^ _6734_/S (HA_X1)
                                         _0246_ (net)
                  0.08    0.00    2.20 ^ place315/A (BUF_X1)
     9   40.67    0.09    0.13    2.32 ^ place315/Z (BUF_X1)
                                         net315 (net)
                  0.09    0.00    2.32 ^ _4528_/A1 (NAND2_X4)
     3   11.95    0.02    0.03    2.35 v _4528_/ZN (NAND2_X4)
                                         _1034_ (net)
                  0.02    0.00    2.35 v _4529_/A (INV_X4)
     2    8.80    0.01    0.02    2.37 ^ _4529_/ZN (INV_X4)
                                         _1035_ (net)
                  0.01    0.00    2.37 ^ _4569_/A2 (NAND2_X1)
     2    9.88    0.02    0.03    2.40 v _4569_/ZN (NAND2_X1)
                                         _1074_ (net)
                  0.02    0.00    2.40 v _4571_/A2 (NAND3_X2)
     3   12.66    0.02    0.04    2.44 ^ _4571_/ZN (NAND3_X2)
                                         _1076_ (net)
                  0.02    0.00    2.44 ^ _6422_/A (XNOR2_X1)
     1    2.14    0.02    0.04    2.48 ^ _6422_/ZN (XNOR2_X1)
                                         _2858_ (net)
                  0.02    0.00    2.48 ^ _6423_/A1 (NAND2_X1)
     1    2.31    0.02    0.02    2.50 v _6423_/ZN (NAND2_X1)
                                         _2859_ (net)
                  0.02    0.00    2.50 v _6424_/A2 (NAND2_X1)
     2    4.08    0.01    0.03    2.53 ^ _6424_/ZN (NAND2_X1)
                                         _2860_ (net)
                  0.01    0.00    2.53 ^ _6550_/A2 (NAND2_X1)
     1    3.14    0.01    0.02    2.54 v _6550_/ZN (NAND2_X1)
                                         _2976_ (net)
                  0.01    0.00    2.54 v _6555_/A1 (NOR2_X2)
     1    3.56    0.02    0.02    2.57 ^ _6555_/ZN (NOR2_X2)
                                         _2981_ (net)
                  0.02    0.00    2.57 ^ _6556_/A2 (NAND2_X1)
     1    2.83    0.01    0.02    2.59 v _6556_/ZN (NAND2_X1)
                                         _2982_ (net)
                  0.01    0.00    2.59 v _6558_/A1 (NOR2_X2)
     1    4.38    0.02    0.03    2.61 ^ _6558_/ZN (NOR2_X2)
                                         _2984_ (net)
                  0.02    0.00    2.61 ^ _6561_/A2 (NAND3_X1)
     1    5.03    0.02    0.03    2.65 v _6561_/ZN (NAND3_X1)
                                         _2987_ (net)
                  0.02    0.00    2.65 v _6563_/A1 (NOR2_X2)
     1    6.26    0.02    0.03    2.68 ^ _6563_/ZN (NOR2_X2)
                                         _2989_ (net)
                  0.02    0.00    2.68 ^ _6572_/A1 (NAND3_X1)
     1    3.53    0.02    0.03    2.71 v _6572_/ZN (NAND3_X1)
                                         _2998_ (net)
                  0.02    0.00    2.71 v _6585_/A1 (NOR2_X2)
     1   12.09    0.03    0.05    2.76 ^ _6585_/ZN (NOR2_X2)
                                         _3011_ (net)
                  0.03    0.00    2.76 ^ _6609_/A1 (NAND3_X2)
     1    3.46    0.02    0.03    2.78 v _6609_/ZN (NAND3_X2)
                                         _3035_ (net)
                  0.02    0.00    2.78 v _6613_/A1 (NOR2_X2)
     1    9.94    0.03    0.04    2.83 ^ _6613_/ZN (NOR2_X2)
                                         net197 (net)
                  0.03    0.00    2.83 ^ output197/A (BUF_X1)
     1   17.84    0.04    0.06    2.89 ^ output197/Z (BUF_X1)
                                         zero (net)
                  0.04    0.01    2.90 ^ zero (out)
                                  2.90   data arrival time

                  0.00   10.00   10.00   clock clk (rise edge)
                          0.00   10.00   clock network delay (ideal)
                          0.00   10.00   clock reconvergence pessimism
                         -2.00    8.00   output external delay
                                  8.00   data required time
-----------------------------------------------------------------------------
                                  8.00   data required time
                                 -2.90   data arrival time
-----------------------------------------------------------------------------
                                  5.10   slack (MET)



==========================================================================
global route report_check_types -max_slew -max_cap -max_fanout -violators
--------------------------------------------------------------------------

==========================================================================
global route max_slew_check_slack
--------------------------------------------------------------------------
0.0883193388581276

==========================================================================
global route max_slew_check_limit
--------------------------------------------------------------------------
0.1985349953174591

==========================================================================
global route max_slew_check_slack_limit
--------------------------------------------------------------------------
0.4449

==========================================================================
global route max_fanout_check_slack
--------------------------------------------------------------------------
1.0000000150474662e+30

==========================================================================
global route max_fanout_check_limit
--------------------------------------------------------------------------
1.0000000150474662e+30

==========================================================================
global route max_capacitance_check_slack
--------------------------------------------------------------------------
4.047436714172363

==========================================================================
global route max_capacitance_check_limit
--------------------------------------------------------------------------
25.253299713134766

==========================================================================
global route max_capacitance_check_slack_limit
--------------------------------------------------------------------------
0.1603

==========================================================================
global route max_slew_violation_count
--------------------------------------------------------------------------
max slew violation count 0

==========================================================================
global route max_fanout_violation_count
--------------------------------------------------------------------------
max fanout violation count 0

==========================================================================
global route max_cap_violation_count
--------------------------------------------------------------------------
max cap violation count 0

==========================================================================
global route setup_violation_count
--------------------------------------------------------------------------
setup violation count 0

==========================================================================
global route hold_violation_count
--------------------------------------------------------------------------
hold violation count 0

==========================================================================
global route critical path delay
--------------------------------------------------------------------------
2.8986

==========================================================================
global route critical path slack
--------------------------------------------------------------------------
5.1014

==========================================================================
global route slack div critical path delay
--------------------------------------------------------------------------
175.995308

==========================================================================
global route report_power
--------------------------------------------------------------------------
Group                  Internal  Switching    Leakage      Total
                          Power      Power      Power      Power (Watts)
----------------------------------------------------------------
Sequential             0.00e+00   0.00e+00   0.00e+00   0.00e+00   0.0%
Combinational          1.31e-04   2.28e-04   1.07e-04   4.66e-04 100.0%
Clock                  0.00e+00   0.00e+00   0.00e+00   0.00e+00   0.0%
Macro                  0.00e+00   0.00e+00   0.00e+00   0.00e+00   0.0%
Pad                    0.00e+00   0.00e+00   0.00e+00   0.00e+00   0.0%
----------------------------------------------------------------
Total                  1.31e-04   2.28e-04   1.07e-04   4.66e-04 100.0%
                          28.1%      48.9%      22.9%
